// Jest Snapshot v1, https://goo.gl/fbAQLP

exports[`ConnectedButton should render correctly 1`] = `
<button
  onClick={[Function]}
  type="button"
>
  Click me
</button>
`;
