// Jest Snapshot v1, https://goo.gl/fbAQLP

exports[`Button should render correctly 1`] = `
<button
  onClick={undefined}
  type="button"
>
  Click me
</button>
`;
